// Jest Snapshot v1, https://goo.gl/fbAQLP

exports[`vm/query 1`] = `
Array [
  Object {
    "allVolumes": Array [
      Object {
        "actualSize": 7995392,
        "createDate": "Jan 6, 2020 8:40:11 PM",
        "description": "Root volume for VM[uuid:46ddd00c42434ffcb40936456678c21f]",
        "deviceId": 0,
        "format": "qcow2",
        "installPath": "/zstack_ps/rootVolumes/acct-36c27e8ff05c4780bf6d2fa65700f22e/vol-ac2701b6d1f04602a9946d9b8adc050f/ac2701b6d1f04602a9946d9b8adc050f.qcow2",
        "isShareable": false,
        "lastOpDate": "Jan 6, 2020 8:40:11 PM",
        "name": "ROOT-for-VPC-11",
        "primaryStorageUuid": "b1296dc880984edeb6ec05d2c9d7e243",
        "rootImageUuid": "ccddc92afcc5155d9b7add10a0cd2b68",
        "size": 12682240,
        "state": "Enabled",
        "status": "Ready",
        "type": "Root",
        "uuid": "ac2701b6d1f04602a9946d9b8adc050f",
        "vmInstanceUuid": "46ddd00c42434ffcb40936456678c21f",
      },
    ],
    "allocatorStrategy": "LeastVmPreferredHostAllocatorStrategy",
    "clusterUuid": "0f86d8671dff49aaa5955254bb67dc9e",
    "cpuNum": 1,
    "cpuSpeed": 0,
    "createDate": "Jan 6, 2020 8:40:11 PM",
    "defaultL3NetworkUuid": "4a75d8ad26384c229f455aa176131257",
    "description": "",
    "hostUuid": "d8cdd8171841467a810339996b6de469",
    "hypervisorType": "KVM",
    "imageUuid": "ccddc92afcc5155d9b7add10a0cd2b68",
    "instanceOfferingUuid": "212a84a3c5324d8b880def26bbbcf31f",
    "internalId": 1807,
    "lastHostUuid": "d8cdd8171841467a810339996b6de469",
    "lastOpDate": "Feb 19, 2020 11:18:30 PM",
    "memorySize": 1073741824,
    "name": "VM-VPC-3",
    "platform": "Linux",
    "rootVolumeUuid": "ac2701b6d1f04602a9946d9b8adc050f",
    "state": "Running",
    "type": "UserVm",
    "uuid": "46ddd00c42434ffcb40936456678c21f",
    "vmCdRoms": Array [
      Object {
        "createDate": "Jan 6, 2020 8:40:11 PM",
        "deviceId": 0,
        "lastOpDate": "Jan 6, 2020 8:40:11 PM",
        "name": "vm-46ddd00c42434ffcb40936456678c21f-cdRom",
        "uuid": "dfb9ea6c327341ce8bbac3d25d95fb5e",
        "vmInstanceUuid": "46ddd00c42434ffcb40936456678c21f",
      },
    ],
    "vmNics": Array [
      Object {
        "createDate": "Jan 6, 2020 8:40:11 PM",
        "deviceId": 0,
        "gateway": "192.168.3.1",
        "hypervisorType": "KVM",
        "internalName": "vnic1807.0",
        "ip": "192.168.3.204",
        "ipVersion": 4,
        "l3NetworkUuid": "4a75d8ad26384c229f455aa176131257",
        "lastOpDate": "Jan 6, 2020 8:40:11 PM",
        "mac": "fa:b0:90:af:ba:00",
        "netmask": "255.255.255.0",
        "usedIpUuid": "7e0580268cbb3264927d7dc4d4ff4d8b",
        "usedIps": Array [
          Object {
            "createDate": "Jan 6, 2020 8:40:11 PM",
            "gateway": "192.168.3.1",
            "ip": "192.168.3.204",
            "ipInLong": 3232236492,
            "ipRangeUuid": "68a323f075d54568ad369c132459ea67",
            "ipVersion": 4,
            "l3NetworkUuid": "4a75d8ad26384c229f455aa176131257",
            "lastOpDate": "Jan 6, 2020 8:40:11 PM",
            "netmask": "255.255.255.0",
            "uuid": "7e0580268cbb3264927d7dc4d4ff4d8a",
            "vmNicUuid": "c9d9890091cc4ce49a8f8a1cce2970d2",
          },
        ],
        "uuid": "c9d9890091cc4ce49a8f8a1cce2970d2",
        "vmInstanceUuid": "46ddd00c42434ffcb40936456678c21f",
      },
      Object {
        "createDate": "Feb 19, 2020 9:16:39 PM",
        "deviceId": 1,
        "gateway": "192.168.2.1",
        "hypervisorType": "KVM",
        "internalName": "vnic1807.1",
        "ip": "192.168.2.209",
        "ipVersion": 4,
        "l3NetworkUuid": "162415ef6b2d4c6e95a11c4444b479d7",
        "lastOpDate": "Feb 19, 2020 9:16:39 PM",
        "mac": "fa:d4:cc:8b:ef:01",
        "netmask": "255.255.255.0",
        "usedIpUuid": "f27be76aebe53cd09ec8e9584f8acd70",
        "usedIps": Array [
          Object {
            "createDate": "Feb 19, 2020 9:16:39 PM",
            "gateway": "192.168.2.1",
            "ip": "192.168.2.209",
            "ipInLong": 3232236241,
            "ipRangeUuid": "bcda9aaf151445bfa844cb7af3f189f6",
            "ipVersion": 4,
            "l3NetworkUuid": "162415ef6b2d4c6e95a11c4444b479d7",
            "lastOpDate": "Feb 19, 2020 9:16:39 PM",
            "netmask": "255.255.255.0",
            "uuid": "f27be76aebe53cd09ec8e9584f8acd70",
            "vmNicUuid": "f36b0ab6b0554cd48470b569f42746ff",
          },
        ],
        "uuid": "f36b0ab6b0554cd48470b569f42746ff",
        "vmInstanceUuid": "46ddd00c42434ffcb40936456678c21f",
      },
    ],
    "zoneUuid": "c782f9e5bda544c4ac59dadfc8cf64a2",
  },
  Object {
    "allVolumes": Array [
      Object {
        "actualSize": 7995392,
        "createDate": "Jan 6, 2020 8:15:56 PM",
        "description": "Root volume for VM[uuid:65b648cf057241e89d587249f483e42a]",
        "deviceId": 0,
        "format": "qcow2",
        "installPath": "/zstack_ps/rootVolumes/acct-36c27e8ff05c4780bf6d2fa65700f22e/vol-5d450ebfca9544b684f7e8fc30b4ced5/5d450ebfca9544b684f7e8fc30b4ced5.qcow2",
        "isShareable": false,
        "lastOpDate": "Jan 6, 2020 8:15:57 PM",
        "name": "ROOT-for-VM-3",
        "primaryStorageUuid": "b1296dc880984edeb6ec05d2c9d7e243",
        "rootImageUuid": "ccddc92afcc5155d9b7add10a0cd2b68",
        "size": 12682240,
        "state": "Enabled",
        "status": "Ready",
        "type": "Root",
        "uuid": "5d450ebfca9544b684f7e8fc30b4ced5",
        "vmInstanceUuid": "65b648cf057241e89d587249f483e42a",
      },
    ],
    "allocatorStrategy": "LeastVmPreferredHostAllocatorStrategy",
    "clusterUuid": "0f86d8671dff49aaa5955254bb67dc9e",
    "cpuNum": 1,
    "cpuSpeed": 0,
    "createDate": "Jan 6, 2020 8:15:56 PM",
    "defaultL3NetworkUuid": "35962e1e4bac455ca88ecf665f85a04f",
    "description": "",
    "hypervisorType": "KVM",
    "imageUuid": "ccddc92afcc5155d9b7add10a0cd2b68",
    "instanceOfferingUuid": "212a84a3c5324d8b880def26bbbcf31f",
    "internalId": 1806,
    "lastHostUuid": "d8cdd8171841467a810339996b6de469",
    "lastOpDate": "Jan 15, 2020 10:22:27 AM",
    "memorySize": 1073741824,
    "name": "VM-3",
    "platform": "Linux",
    "rootVolumeUuid": "5d450ebfca9544b684f7e8fc30b4ced5",
    "state": "Stopped",
    "type": "UserVm",
    "uuid": "65b648cf057241e89d587249f483e42a",
    "vmCdRoms": Array [
      Object {
        "createDate": "Jan 6, 2020 8:15:56 PM",
        "deviceId": 0,
        "lastOpDate": "Jan 6, 2020 8:15:56 PM",
        "name": "vm-65b648cf057241e89d587249f483e42a-cdRom",
        "uuid": "35bdd66abbaf4713b0e72c5fc7c37b84",
        "vmInstanceUuid": "65b648cf057241e89d587249f483e42a",
      },
    ],
    "vmNics": Array [
      Object {
        "createDate": "Jan 6, 2020 8:15:56 PM",
        "deviceId": 0,
        "gateway": "192.168.4.1",
        "hypervisorType": "KVM",
        "internalName": "vnic1806.0",
        "ip": "192.168.4.145",
        "ipVersion": 4,
        "l3NetworkUuid": "35962e1e4bac455ca88ecf665f85a04f",
        "lastOpDate": "Jan 6, 2020 8:15:56 PM",
        "mac": "fa:99:d5:16:31:00",
        "netmask": "255.255.255.0",
        "usedIpUuid": "92d573bc57cf39f59237c8cf320fa976",
        "usedIps": Array [
          Object {
            "createDate": "Jan 6, 2020 8:15:56 PM",
            "gateway": "192.168.4.1",
            "ip": "192.168.4.145",
            "ipInLong": 3232236689,
            "ipRangeUuid": "537b29b61bb1448ba2b0b33c8fdd38a3",
            "ipVersion": 4,
            "l3NetworkUuid": "35962e1e4bac455ca88ecf665f85a04f",
            "lastOpDate": "Jan 6, 2020 8:15:56 PM",
            "netmask": "255.255.255.0",
            "uuid": "92d573bc57cf39f59237c8cf320fa976",
            "vmNicUuid": "dea4038472f341db8aec4a80e055e00b",
          },
        ],
        "uuid": "dea4038472f341db8aec4a80e055e00b",
        "vmInstanceUuid": "65b648cf057241e89d587249f483e42a",
      },
    ],
    "zoneUuid": "c782f9e5bda544c4ac59dadfc8cf64a2",
  },
  Object {
    "allVolumes": Array [
      Object {
        "actualSize": 7995392,
        "createDate": "Jan 6, 2020 2:37:39 PM",
        "description": "Root volume for VM[uuid:fd989aa9d9d24be2a12a8b1fe4b4cb89]",
        "deviceId": 0,
        "format": "qcow2",
        "installPath": "/zstack_ps/rootVolumes/acct-36c27e8ff05c4780bf6d2fa65700f22e/vol-b9b3b3937f6748979f031524db497c72/b9b3b3937f6748979f031524db497c72.qcow2",
        "isShareable": false,
        "lastOpDate": "Jan 6, 2020 2:37:40 PM",
        "name": "ROOT-for-VM-VPC2",
        "primaryStorageUuid": "b1296dc880984edeb6ec05d2c9d7e243",
        "rootImageUuid": "ccddc92afcc5155d9b7add10a0cd2b68",
        "size": 12682240,
        "state": "Enabled",
        "status": "Ready",
        "type": "Root",
        "uuid": "b9b3b3937f6748979f031524db497c72",
        "vmInstanceUuid": "fd989aa9d9d24be2a12a8b1fe4b4cb89",
      },
    ],
    "allocatorStrategy": "LeastVmPreferredHostAllocatorStrategy",
    "clusterUuid": "0f86d8671dff49aaa5955254bb67dc9e",
    "cpuNum": 1,
    "cpuSpeed": 0,
    "createDate": "Jan 6, 2020 2:37:39 PM",
    "defaultL3NetworkUuid": "60145e8409694366a8368263053b0440",
    "description": "",
    "hypervisorType": "KVM",
    "imageUuid": "ccddc92afcc5155d9b7add10a0cd2b68",
    "instanceOfferingUuid": "212a84a3c5324d8b880def26bbbcf31f",
    "internalId": 1804,
    "lastHostUuid": "d8cdd8171841467a810339996b6de469",
    "lastOpDate": "Jan 15, 2020 10:22:27 AM",
    "memorySize": 1073741824,
    "name": "VM-VPC2",
    "platform": "Linux",
    "rootVolumeUuid": "b9b3b3937f6748979f031524db497c72",
    "state": "Stopped",
    "type": "UserVm",
    "uuid": "fd989aa9d9d24be2a12a8b1fe4b4cb89",
    "vmCdRoms": Array [
      Object {
        "createDate": "Jan 6, 2020 2:37:39 PM",
        "deviceId": 0,
        "lastOpDate": "Jan 6, 2020 2:37:39 PM",
        "name": "vm-fd989aa9d9d24be2a12a8b1fe4b4cb89-cdRom",
        "uuid": "7c096a9596a04410ace5c2d6ddcf1c82",
        "vmInstanceUuid": "fd989aa9d9d24be2a12a8b1fe4b4cb89",
      },
    ],
    "vmNics": Array [
      Object {
        "createDate": "Jan 6, 2020 2:37:39 PM",
        "deviceId": 0,
        "gateway": "192.168.5.1",
        "hypervisorType": "KVM",
        "internalName": "vnic1804.0",
        "ip": "192.168.5.218",
        "ipVersion": 4,
        "l3NetworkUuid": "60145e8409694366a8368263053b0440",
        "lastOpDate": "Jan 6, 2020 2:37:39 PM",
        "mac": "fa:28:41:61:26:00",
        "netmask": "255.255.255.0",
        "usedIpUuid": "3317a935de0d3d22b4763be4e13ad48c",
        "usedIps": Array [
          Object {
            "createDate": "Jan 6, 2020 2:37:39 PM",
            "gateway": "192.168.5.1",
            "ip": "192.168.5.218",
            "ipInLong": 3232237018,
            "ipRangeUuid": "7ade6f2eb22143f49ef2fa99edfe8825",
            "ipVersion": 4,
            "l3NetworkUuid": "60145e8409694366a8368263053b0440",
            "lastOpDate": "Jan 6, 2020 2:37:39 PM",
            "netmask": "255.255.255.0",
            "uuid": "3317a935de0d3d22b4763be4e13ad48c",
            "vmNicUuid": "9413ce1e4f794d4d9060c9b74ef6f7c9",
          },
        ],
        "uuid": "9413ce1e4f794d4d9060c9b74ef6f7c9",
        "vmInstanceUuid": "fd989aa9d9d24be2a12a8b1fe4b4cb89",
      },
    ],
    "zoneUuid": "c782f9e5bda544c4ac59dadfc8cf64a2",
  },
  Object {
    "allVolumes": Array [
      Object {
        "actualSize": 7995392,
        "createDate": "Jan 6, 2020 2:35:59 PM",
        "description": "Root volume for VM[uuid:d5fc43e12876451883fd879a2a074b60]",
        "deviceId": 0,
        "format": "qcow2",
        "installPath": "/zstack_ps/rootVolumes/acct-36c27e8ff05c4780bf6d2fa65700f22e/vol-8202143d45a94092b73a55634a957bdd/8202143d45a94092b73a55634a957bdd.qcow2",
        "isShareable": false,
        "lastOpDate": "Jan 6, 2020 2:35:59 PM",
        "name": "ROOT-for-VM-云路由",
        "primaryStorageUuid": "b1296dc880984edeb6ec05d2c9d7e243",
        "rootImageUuid": "ccddc92afcc5155d9b7add10a0cd2b68",
        "size": 12682240,
        "state": "Enabled",
        "status": "Ready",
        "type": "Root",
        "uuid": "8202143d45a94092b73a55634a957bdd",
        "vmInstanceUuid": "d5fc43e12876451883fd879a2a074b60",
      },
    ],
    "allocatorStrategy": "LeastVmPreferredHostAllocatorStrategy",
    "clusterUuid": "0f86d8671dff49aaa5955254bb67dc9e",
    "cpuNum": 1,
    "cpuSpeed": 0,
    "createDate": "Jan 6, 2020 2:35:58 PM",
    "defaultL3NetworkUuid": "3b60d16ead2f4a07a7869258315a3511",
    "description": "",
    "hypervisorType": "KVM",
    "imageUuid": "ccddc92afcc5155d9b7add10a0cd2b68",
    "instanceOfferingUuid": "212a84a3c5324d8b880def26bbbcf31f",
    "internalId": 1803,
    "lastHostUuid": "d8cdd8171841467a810339996b6de469",
    "lastOpDate": "Jan 15, 2020 10:22:27 AM",
    "memorySize": 1073741824,
    "name": "VM-云路由",
    "platform": "Linux",
    "rootVolumeUuid": "8202143d45a94092b73a55634a957bdd",
    "state": "Stopped",
    "type": "UserVm",
    "uuid": "d5fc43e12876451883fd879a2a074b60",
    "vmCdRoms": Array [
      Object {
        "createDate": "Jan 6, 2020 2:35:59 PM",
        "deviceId": 0,
        "lastOpDate": "Jan 6, 2020 2:35:59 PM",
        "name": "vm-d5fc43e12876451883fd879a2a074b60-cdRom",
        "uuid": "a3dd69c2232248fa962a74db570a99ae",
        "vmInstanceUuid": "d5fc43e12876451883fd879a2a074b60",
      },
    ],
    "vmNics": Array [
      Object {
        "createDate": "Jan 6, 2020 2:35:59 PM",
        "deviceId": 0,
        "gateway": "192.168.1.1",
        "hypervisorType": "KVM",
        "internalName": "vnic1803.0",
        "ip": "192.168.1.244",
        "ipVersion": 4,
        "l3NetworkUuid": "3b60d16ead2f4a07a7869258315a3511",
        "lastOpDate": "Jan 6, 2020 2:35:59 PM",
        "mac": "fa:be:fe:db:ad:00",
        "netmask": "255.255.255.0",
        "usedIpUuid": "4bcb19e099e134079d9064593560c007",
        "usedIps": Array [
          Object {
            "createDate": "Jan 6, 2020 2:35:59 PM",
            "gateway": "192.168.1.1",
            "ip": "192.168.1.244",
            "ipInLong": 3232236020,
            "ipRangeUuid": "2080f7c304974b66b4477cfca0091f1c",
            "ipVersion": 4,
            "l3NetworkUuid": "3b60d16ead2f4a07a7869258315a3511",
            "lastOpDate": "Jan 6, 2020 2:35:59 PM",
            "netmask": "255.255.255.0",
            "uuid": "4bcb19e099e134079d9064593560c007",
            "vmNicUuid": "d8cf0f423a1841e99c05d591e3ef4243",
          },
        ],
        "uuid": "d8cf0f423a1841e99c05d591e3ef4243",
        "vmInstanceUuid": "d5fc43e12876451883fd879a2a074b60",
      },
    ],
    "zoneUuid": "c782f9e5bda544c4ac59dadfc8cf64a2",
  },
  Object {
    "allVolumes": Array [
      Object {
        "actualSize": 7995392,
        "createDate": "Jan 6, 2020 2:35:35 PM",
        "description": "Root volume for VM[uuid:3a3c710bdd384f658ba9aa722cad9de9]",
        "deviceId": 0,
        "format": "qcow2",
        "installPath": "/zstack_ps/rootVolumes/acct-36c27e8ff05c4780bf6d2fa65700f22e/vol-92d8911cb9194bebb9eba156fcf2dccc/92d8911cb9194bebb9eba156fcf2dccc.qcow2",
        "isShareable": false,
        "lastOpDate": "Jan 6, 2020 2:35:36 PM",
        "name": "ROOT-for-VM-VPC",
        "primaryStorageUuid": "b1296dc880984edeb6ec05d2c9d7e243",
        "rootImageUuid": "ccddc92afcc5155d9b7add10a0cd2b68",
        "size": 12682240,
        "state": "Enabled",
        "status": "Ready",
        "type": "Root",
        "uuid": "92d8911cb9194bebb9eba156fcf2dccc",
        "vmInstanceUuid": "3a3c710bdd384f658ba9aa722cad9de9",
      },
    ],
    "allocatorStrategy": "LeastVmPreferredHostAllocatorStrategy",
    "clusterUuid": "0f86d8671dff49aaa5955254bb67dc9e",
    "cpuNum": 1,
    "cpuSpeed": 0,
    "createDate": "Jan 6, 2020 2:35:35 PM",
    "defaultL3NetworkUuid": "4a75d8ad26384c229f455aa176131257",
    "description": "",
    "hypervisorType": "KVM",
    "imageUuid": "ccddc92afcc5155d9b7add10a0cd2b68",
    "instanceOfferingUuid": "212a84a3c5324d8b880def26bbbcf31f",
    "internalId": 1802,
    "lastHostUuid": "d8cdd8171841467a810339996b6de469",
    "lastOpDate": "Feb 19, 2020 11:18:36 PM",
    "memorySize": 1073741824,
    "name": "VM-VPC-1",
    "platform": "Linux",
    "rootVolumeUuid": "92d8911cb9194bebb9eba156fcf2dccc",
    "state": "Stopped",
    "type": "UserVm",
    "uuid": "3a3c710bdd384f658ba9aa722cad9de9",
    "vmCdRoms": Array [
      Object {
        "createDate": "Jan 6, 2020 2:35:35 PM",
        "deviceId": 0,
        "lastOpDate": "Jan 6, 2020 2:35:35 PM",
        "name": "vm-3a3c710bdd384f658ba9aa722cad9de9-cdRom",
        "uuid": "764bca0770a34dde890f47e97e9a9d12",
        "vmInstanceUuid": "3a3c710bdd384f658ba9aa722cad9de9",
      },
    ],
    "vmNics": Array [
      Object {
        "createDate": "Jan 6, 2020 2:35:35 PM",
        "deviceId": 0,
        "gateway": "192.168.3.1",
        "hypervisorType": "KVM",
        "internalName": "vnic1802.0",
        "ip": "192.168.3.173",
        "ipVersion": 4,
        "l3NetworkUuid": "4a75d8ad26384c229f455aa176131257",
        "lastOpDate": "Jan 6, 2020 2:35:35 PM",
        "mac": "fa:13:9f:b8:93:00",
        "netmask": "255.255.255.0",
        "usedIpUuid": "14f0a9c79bc03fcf935617299d8f13da",
        "usedIps": Array [
          Object {
            "createDate": "Jan 6, 2020 2:35:35 PM",
            "gateway": "192.168.3.1",
            "ip": "192.168.3.173",
            "ipInLong": 3232236461,
            "ipRangeUuid": "68a323f075d54568ad369c132459ea67",
            "ipVersion": 4,
            "l3NetworkUuid": "4a75d8ad26384c229f455aa176131257",
            "lastOpDate": "Jan 6, 2020 2:35:35 PM",
            "netmask": "255.255.255.0",
            "uuid": "14f0a9c79bc03fcf935617299d8f13da",
            "vmNicUuid": "bb571ade9bf044c7a1e5b13afe0c5c71",
          },
        ],
        "uuid": "bb571ade9bf044c7a1e5b13afe0c5c71",
        "vmInstanceUuid": "3a3c710bdd384f658ba9aa722cad9de9",
      },
    ],
    "zoneUuid": "c782f9e5bda544c4ac59dadfc8cf64a2",
  },
  Object {
    "allVolumes": Array [
      Object {
        "actualSize": 7995392,
        "createDate": "Jan 6, 2020 2:34:51 PM",
        "description": "Root volume for VM[uuid:81050f9bd8ce45dd97321ddee28d1fe2]",
        "deviceId": 0,
        "format": "qcow2",
        "installPath": "/zstack_ps/rootVolumes/acct-36c27e8ff05c4780bf6d2fa65700f22e/vol-aa04c4b9de4745fa80f06495df3bf36a/aa04c4b9de4745fa80f06495df3bf36a.qcow2",
        "isShareable": false,
        "lastOpDate": "Jan 6, 2020 2:34:52 PM",
        "name": "ROOT-for-VM-公网",
        "primaryStorageUuid": "b1296dc880984edeb6ec05d2c9d7e243",
        "rootImageUuid": "ccddc92afcc5155d9b7add10a0cd2b68",
        "size": 12682240,
        "state": "Enabled",
        "status": "Ready",
        "type": "Root",
        "uuid": "aa04c4b9de4745fa80f06495df3bf36a",
        "vmInstanceUuid": "81050f9bd8ce45dd97321ddee28d1fe2",
      },
    ],
    "allocatorStrategy": "LeastVmPreferredHostAllocatorStrategy",
    "clusterUuid": "0f86d8671dff49aaa5955254bb67dc9e",
    "cpuNum": 1,
    "cpuSpeed": 0,
    "createDate": "Jan 6, 2020 2:34:51 PM",
    "defaultL3NetworkUuid": "78103412052c43cabc5b29e347cf7126",
    "description": "",
    "hypervisorType": "KVM",
    "imageUuid": "ccddc92afcc5155d9b7add10a0cd2b68",
    "instanceOfferingUuid": "212a84a3c5324d8b880def26bbbcf31f",
    "internalId": 1801,
    "lastHostUuid": "d8cdd8171841467a810339996b6de469",
    "lastOpDate": "Jan 15, 2020 10:22:26 AM",
    "memorySize": 1073741824,
    "name": "VM-公网",
    "platform": "Linux",
    "rootVolumeUuid": "aa04c4b9de4745fa80f06495df3bf36a",
    "state": "Stopped",
    "type": "UserVm",
    "uuid": "81050f9bd8ce45dd97321ddee28d1fe2",
    "vmCdRoms": Array [
      Object {
        "createDate": "Jan 6, 2020 2:34:51 PM",
        "deviceId": 0,
        "lastOpDate": "Jan 6, 2020 2:34:51 PM",
        "name": "vm-81050f9bd8ce45dd97321ddee28d1fe2-cdRom",
        "uuid": "79e6ae19939d47b3a69b2a998f634c1c",
        "vmInstanceUuid": "81050f9bd8ce45dd97321ddee28d1fe2",
      },
    ],
    "vmNics": Array [
      Object {
        "createDate": "Jan 6, 2020 2:34:51 PM",
        "deviceId": 0,
        "gateway": "10.0.0.1",
        "hypervisorType": "KVM",
        "internalName": "vnic1801.0",
        "ip": "10.151.0.253",
        "ipVersion": 4,
        "l3NetworkUuid": "78103412052c43cabc5b29e347cf7126",
        "lastOpDate": "Jan 6, 2020 2:34:51 PM",
        "mac": "fa:e6:9a:7c:00:00",
        "netmask": "255.0.0.0",
        "usedIpUuid": "62aa4110267732328b8875f6699b2ad4",
        "usedIps": Array [
          Object {
            "createDate": "Jan 6, 2020 2:34:51 PM",
            "gateway": "10.0.0.1",
            "ip": "10.151.0.253",
            "ipInLong": 177668349,
            "ipRangeUuid": "d0e6d4d5b69a4562a1ddc552ec238723",
            "ipVersion": 4,
            "l3NetworkUuid": "78103412052c43cabc5b29e347cf7126",
            "lastOpDate": "Jan 6, 2020 2:34:51 PM",
            "netmask": "255.0.0.0",
            "uuid": "62aa4110267732328b8875f6699b2ad4",
            "vmNicUuid": "0325be017abb42628241ea6d482afa5a",
          },
        ],
        "uuid": "0325be017abb42628241ea6d482afa5a",
        "vmInstanceUuid": "81050f9bd8ce45dd97321ddee28d1fe2",
      },
    ],
    "zoneUuid": "c782f9e5bda544c4ac59dadfc8cf64a2",
  },
  Object {
    "allVolumes": Array [
      Object {
        "actualSize": 0,
        "createDate": "Sep 12, 2019 5:25:11 PM",
        "description": "",
        "deviceId": 1,
        "diskOfferingUuid": "8a1844d9042c4284966bce1e88075589",
        "format": "qcow2",
        "installPath": "/zstack_ps/dataVolumes/acct-36c27e8ff05c4780bf6d2fa65700f22e/vol-1b746a6adb584ee89c65ab51c3634416/snapshots/88864416e95846f68b5e881cdca1eedf.qcow2",
        "isShareable": false,
        "lastOpDate": "Jan 3, 2020 3:07:35 PM",
        "name": "云盘-1",
        "primaryStorageUuid": "b1296dc880984edeb6ec05d2c9d7e243",
        "size": 10485760,
        "state": "Enabled",
        "status": "Ready",
        "type": "Data",
        "uuid": "1b746a6adb584ee89c65ab51c3634416",
        "vmInstanceUuid": "c0220ee607bf4afabc2a66532b0b0387",
        "volumeQos": "write=31457280,read=10485760",
      },
      Object {
        "actualSize": 17383424,
        "createDate": "Sep 12, 2019 5:19:30 PM",
        "description": "Root volume for VM[uuid:c0220ee607bf4afabc2a66532b0b0387]",
        "deviceId": 0,
        "format": "qcow2",
        "installPath": "/zstack_ps/rootVolumes/acct-36c27e8ff05c4780bf6d2fa65700f22e/vol-b2026ce722584b0383b247640e2961e2/snapshots/9eac8e8d51fc450d91e713bc4fdd20a2.qcow2",
        "isShareable": false,
        "lastOpDate": "Sep 12, 2019 5:26:28 PM",
        "name": "ROOT-for-VM-1",
        "primaryStorageUuid": "b1296dc880984edeb6ec05d2c9d7e243",
        "rootImageUuid": "ccddc92afcc5155d9b7add10a0cd2b68",
        "size": 12682240,
        "state": "Enabled",
        "status": "Ready",
        "type": "Root",
        "uuid": "b2026ce722584b0383b247640e2961e2",
        "vmInstanceUuid": "c0220ee607bf4afabc2a66532b0b0387",
      },
    ],
    "allocatorStrategy": "LeastVmPreferredHostAllocatorStrategy",
    "clusterUuid": "0f86d8671dff49aaa5955254bb67dc9e",
    "cpuNum": 1,
    "cpuSpeed": 0,
    "createDate": "Sep 12, 2019 5:19:30 PM",
    "defaultL3NetworkUuid": "fd4eca3d6d5d4d30afea94a1be6d48da",
    "description": "",
    "hypervisorType": "KVM",
    "imageUuid": "ccddc92afcc5155d9b7add10a0cd2b68",
    "instanceOfferingUuid": "212a84a3c5324d8b880def26bbbcf31f",
    "internalId": 1797,
    "lastHostUuid": "d8cdd8171841467a810339996b6de469",
    "lastOpDate": "Jan 16, 2020 10:19:35 AM",
    "memorySize": 1073741824,
    "name": "VM-扁平",
    "platform": "Linux",
    "rootVolumeUuid": "b2026ce722584b0383b247640e2961e2",
    "state": "Stopped",
    "type": "UserVm",
    "uuid": "c0220ee607bf4afabc2a66532b0b0387",
    "vmCdRoms": Array [
      Object {
        "createDate": "Sep 12, 2019 5:19:30 PM",
        "deviceId": 0,
        "lastOpDate": "Sep 12, 2019 5:19:30 PM",
        "name": "vm-c0220ee607bf4afabc2a66532b0b0387-cdRom",
        "uuid": "1cf68d5905fa46c3a6201818418da810",
        "vmInstanceUuid": "c0220ee607bf4afabc2a66532b0b0387",
      },
    ],
    "vmNics": Array [
      Object {
        "createDate": "Sep 12, 2019 5:19:30 PM",
        "deviceId": 0,
        "gateway": "192.168.0.1",
        "hypervisorType": "KVM",
        "internalName": "vnic1797.0",
        "ip": "192.168.0.225",
        "ipVersion": 4,
        "l3NetworkUuid": "fd4eca3d6d5d4d30afea94a1be6d48da",
        "lastOpDate": "Sep 12, 2019 5:19:30 PM",
        "mac": "fa:82:bf:c2:8d:00",
        "netmask": "255.255.255.0",
        "usedIpUuid": "1754e47352a03733bb718e2f5d80091d",
        "usedIps": Array [
          Object {
            "createDate": "Sep 12, 2019 5:19:30 PM",
            "gateway": "192.168.0.1",
            "ip": "192.168.0.225",
            "ipInLong": 3232235745,
            "ipRangeUuid": "61eff03e13194029b9128b60d24b7e40",
            "ipVersion": 4,
            "l3NetworkUuid": "fd4eca3d6d5d4d30afea94a1be6d48da",
            "lastOpDate": "Sep 12, 2019 5:19:30 PM",
            "netmask": "255.255.255.0",
            "uuid": "1754e47352a03733bb718e2f5d80091d",
            "vmNicUuid": "1482da79031c479883f2042e207aa916",
          },
        ],
        "uuid": "1482da79031c479883f2042e207aa916",
        "vmInstanceUuid": "c0220ee607bf4afabc2a66532b0b0387",
      },
    ],
    "zoneUuid": "c782f9e5bda544c4ac59dadfc8cf64a2",
  },
]
`;
